// Vitest Snapshot v1, https://vitest.dev/guide/snapshot.html

exports[`parseNcp > should parse simple file 1`] = `
{
  "lines": [
    {
      "words": [
        [
          "N",
          1,
        ],
        [
          "G",
          90,
        ],
        [
          "G",
          1,
        ],
        [
          "X",
          -1,
        ],
        [
          "Y",
          0,
        ],
        [
          "F",
          1000,
        ],
      ],
    },
    {
      "words": [
        [
          "N",
          2,
        ],
        [
          "G",
          1,
        ],
        [
          "Y",
          -5,
        ],
      ],
    },
    {
      "words": [
        [
          "N",
          3,
        ],
        [
          "G",
          2,
        ],
        [
          "X",
          -4,
        ],
        [
          "Y",
          -1,
        ],
        [
          "J",
          -2,
        ],
      ],
    },
    {
      "words": [
        [
          "N",
          4,
        ],
        [
          "G",
          1,
        ],
        [
          "X",
          -5,
        ],
        [
          "Y",
          -2,
        ],
      ],
    },
    {
      "words": [
        [
          "N",
          5,
        ],
        [
          "G",
          3,
        ],
        [
          "X",
          -1,
        ],
        [
          "Y",
          0,
        ],
        [
          "I",
          1,
        ],
        [
          "J",
          3,
        ],
      ],
    },
    {
      "words": [
        [
          "N",
          6,
        ],
        [
          "M",
          30,
        ],
      ],
    },
  ],
}
`;

exports[`parseNcp > should parse switching_modes file 1`] = `
{
  "lines": [
    {
      "words": [
        [
          "N",
          1,
        ],
        [
          "G",
          90,
        ],
        [
          "G",
          1,
        ],
        [
          "X",
          -1,
        ],
        [
          "Y",
          0,
        ],
        [
          "F",
          1000,
        ],
      ],
    },
    {
      "words": [
        [
          "N",
          2,
        ],
        [
          "G",
          1,
        ],
        [
          "Y",
          -5,
        ],
      ],
    },
    {
      "words": [
        [
          "N",
          3,
        ],
        [
          "G",
          2,
        ],
        [
          "X",
          -4,
        ],
        [
          "Y",
          -1,
        ],
        [
          "J",
          -2,
        ],
      ],
    },
    {
      "words": [
        [
          "N",
          4,
        ],
        [
          "G",
          91,
        ],
        [
          "G",
          1,
        ],
        [
          "X",
          -2,
        ],
        [
          "Y",
          1,
        ],
      ],
    },
    {
      "words": [
        [
          "N",
          5,
        ],
        [
          "G",
          3,
        ],
        [
          "X",
          3,
        ],
        [
          "Y",
          3,
        ],
        [
          "I",
          0,
        ],
        [
          "J",
          2,
        ],
      ],
    },
    {
      "words": [
        [
          "N",
          6,
        ],
        [
          "G",
          90,
        ],
        [
          "G",
          1,
        ],
        [
          "X",
          -1,
        ],
        [
          "Y",
          0,
        ],
      ],
    },
    {
      "words": [
        [
          "N",
          7,
        ],
        [
          "M",
          30,
        ],
      ],
    },
  ],
}
`;
